// Jest Snapshot v1, https://goo.gl/fbAQLP

exports[`formatBankHolidays matches snapshot 1`] = `
Object {
  "england-and-wales": Array [
    Object {
      "bunting": false,
      "date": "2022-04-15",
      "notes": "",
      "title": "Good Friday",
    },
    Object {
      "bunting": true,
      "date": "2022-04-18",
      "notes": "",
      "title": "Easter Monday",
    },
    Object {
      "bunting": true,
      "date": "2022-05-02",
      "notes": "",
      "title": "Early May bank holiday",
    },
    Object {
      "bunting": true,
      "date": "2022-06-02",
      "notes": "",
      "title": "Spring bank holiday",
    },
    Object {
      "bunting": true,
      "date": "2022-06-03",
      "notes": "",
      "title": "Platinum Jubilee bank holiday",
    },
  ],
  "northern-ireland": Array [
    Object {
      "bunting": true,
      "date": "2022-03-17",
      "notes": "",
      "title": "St Patrick’s Day",
    },
    Object {
      "bunting": false,
      "date": "2022-04-15",
      "notes": "",
      "title": "Good Friday",
    },
    Object {
      "bunting": true,
      "date": "2022-04-18",
      "notes": "",
      "title": "Easter Monday",
    },
    Object {
      "bunting": true,
      "date": "2022-05-02",
      "notes": "",
      "title": "Early May bank holiday",
    },
    Object {
      "bunting": true,
      "date": "2022-06-02",
      "notes": "",
      "title": "Spring bank holiday",
    },
  ],
  "scotland": Array [
    Object {
      "bunting": false,
      "date": "2022-04-15",
      "notes": "",
      "title": "Good Friday",
    },
    Object {
      "bunting": true,
      "date": "2022-05-02",
      "notes": "",
      "title": "Early May bank holiday",
    },
    Object {
      "bunting": true,
      "date": "2022-06-02",
      "notes": "",
      "title": "Spring bank holiday",
    },
    Object {
      "bunting": true,
      "date": "2022-06-03",
      "notes": "",
      "title": "Platinum Jubilee bank holiday",
    },
  ],
}
`;

exports[`formatBankHolidays returns bank holidays in the expected format 1`] = `
Object {
  "england-and-wales": Array [
    Object {
      "bunting": false,
      "date": "2022-04-15",
      "notes": "",
      "title": "Good Friday",
    },
    Object {
      "bunting": true,
      "date": "2022-04-18",
      "notes": "",
      "title": "Easter Monday",
    },
    Object {
      "bunting": true,
      "date": "2022-05-02",
      "notes": "",
      "title": "Early May bank holiday",
    },
    Object {
      "bunting": true,
      "date": "2022-06-02",
      "notes": "",
      "title": "Spring bank holiday",
    },
    Object {
      "bunting": true,
      "date": "2022-06-03",
      "notes": "",
      "title": "Platinum Jubilee bank holiday",
    },
  ],
  "northern-ireland": Array [
    Object {
      "bunting": true,
      "date": "2022-03-17",
      "notes": "",
      "title": "St Patrick’s Day",
    },
    Object {
      "bunting": false,
      "date": "2022-04-15",
      "notes": "",
      "title": "Good Friday",
    },
    Object {
      "bunting": true,
      "date": "2022-04-18",
      "notes": "",
      "title": "Easter Monday",
    },
    Object {
      "bunting": true,
      "date": "2022-05-02",
      "notes": "",
      "title": "Early May bank holiday",
    },
    Object {
      "bunting": true,
      "date": "2022-06-02",
      "notes": "",
      "title": "Spring bank holiday",
    },
  ],
  "scotland": Array [
    Object {
      "bunting": false,
      "date": "2022-04-15",
      "notes": "",
      "title": "Good Friday",
    },
    Object {
      "bunting": true,
      "date": "2022-05-02",
      "notes": "",
      "title": "Early May bank holiday",
    },
    Object {
      "bunting": true,
      "date": "2022-06-02",
      "notes": "",
      "title": "Spring bank holiday",
    },
    Object {
      "bunting": true,
      "date": "2022-06-03",
      "notes": "",
      "title": "Platinum Jubilee bank holiday",
    },
  ],
}
`;
