// Jest Snapshot v1, https://goo.gl/fbAQLP

exports[`BankHolidayCard Component renders correctly 1`] = `
<RNCSafeAreaProvider
  onInsetsChange={[Function]}
  style={
    Array [
      Object {
        "flex": 1,
      },
      undefined,
    ]
  }
>
  <View
    dataSet={Object {}}
    style={
      Object {
        "alignItems": "center",
        "backgroundColor": "#ffedd5",
        "borderRadius": 8,
        "elevation": 9,
        "flexDirection": "row",
        "justifyContent": "space-between",
        "marginBottom": 8,
        "marginLeft": 8,
        "marginRight": 8,
        "marginTop": 8,
        "paddingBottom": 8,
        "paddingLeft": 8,
        "paddingRight": 8,
        "paddingTop": 8,
        "shadowColor": "#000000",
        "shadowOffset": Object {
          "height": 4,
          "width": 0,
        },
        "shadowOpacity": 0.32,
        "shadowRadius": 5.46,
      }
    }
  >
    <View
      dataSet={Object {}}
      style={Object {}}
    >
      <View
        dataSet={Object {}}
        style={
          Object {
            "flexDirection": "row",
          }
        }
      >
        <Text
          dataSet={Object {}}
          style={
            Object {
              "backgroundColor": undefined,
              "color": "#1f2937",
              "fontFamily": undefined,
              "fontSize": 18,
              "fontStyle": "normal",
              "fontWeight": "400",
              "letterSpacing": 0,
              "lineHeight": 27,
              "textDecorationLine": undefined,
            }
          }
        >
          Test Title
        </Text>
      </View>
      <View
        dataSet={Object {}}
        style={Object {}}
      />
      <Text
        dataSet={Object {}}
        style={
          Object {
            "backgroundColor": undefined,
            "color": "#1f2937",
            "fontFamily": undefined,
            "fontSize": 14,
            "fontStyle": "italic",
            "fontWeight": "700",
            "letterSpacing": 0,
            "lineHeight": 21,
            "textDecorationLine": undefined,
          }
        }
      >
        30 January 2022
      </Text>
      <View
        dataSet={Object {}}
        style={Object {}}
      />
      <Text
        dataSet={Object {}}
        style={
          Object {
            "backgroundColor": undefined,
            "color": "#1f2937",
            "fontFamily": undefined,
            "fontSize": 18,
            "fontStyle": "normal",
            "fontWeight": "400",
            "letterSpacing": 0,
            "lineHeight": 27,
            "textDecorationLine": undefined,
          }
        }
      >
        ðŸ—’
      </Text>
    </View>
    <View
      dataSet={Object {}}
      style={Object {}}
    />
    <View
      _text={
        Object {
          "color": "lightText",
        }
      }
      accessibilityRole="button"
      accessible={true}
      collapsable={false}
      colorScheme="primary"
      dataSet={Object {}}
      focusable={true}
      onBlur={[Function]}
      onClick={[Function]}
      onFocus={[Function]}
      onHoverIn={[Function]}
      onHoverOut={[Function]}
      onResponderGrant={[Function]}
      onResponderMove={[Function]}
      onResponderRelease={[Function]}
      onResponderTerminate={[Function]}
      onResponderTerminationRequest={[Function]}
      onStartShouldSetResponder={[Function]}
      style={
        Object {
          "backgroundColor": "transparent",
          "borderRadius": 9999,
          "paddingBottom": 8,
          "paddingLeft": 8,
          "paddingRight": 8,
          "paddingTop": 8,
        }
      }
    >
      <Text />
    </View>
  </View>
</RNCSafeAreaProvider>
`;
