// Jest Snapshot v1, https://goo.gl/fbAQLP

exports[`ErrorMessage Component renders correctly 1`] = `
<RNCSafeAreaProvider
  onInsetsChange={[Function]}
  style={
    Array [
      Object {
        "flex": 1,
      },
      undefined,
    ]
  }
>
  <View
    dataSet={Object {}}
    style={
      Object {
        "alignItems": "center",
        "display": "flex",
        "justifyContent": "center",
      }
    }
  >
    <Text
      dataSet={Object {}}
      style={
        Object {
          "backgroundColor": undefined,
          "color": "#1f2937",
          "fontFamily": undefined,
          "fontSize": 14,
          "fontStyle": "normal",
          "fontWeight": "400",
          "letterSpacing": 0,
          "lineHeight": 21,
          "textDecorationLine": undefined,
        }
      }
    >
      Test Error Message
    </Text>
    <View
      _text={
        Object {
          "color": "lightText",
        }
      }
      accessibilityRole="button"
      accessible={true}
      collapsable={false}
      colorScheme="light"
      dataSet={Object {}}
      focusable={true}
      onBlur={[Function]}
      onClick={[Function]}
      onFocus={[Function]}
      onHoverIn={[Function]}
      onHoverOut={[Function]}
      onResponderGrant={[Function]}
      onResponderMove={[Function]}
      onResponderRelease={[Function]}
      onResponderTerminate={[Function]}
      onResponderTerminationRequest={[Function]}
      onStartShouldSetResponder={[Function]}
      style={
        Object {
          "alignItems": "center",
          "backgroundColor": "#78716c",
          "borderRadius": 8,
          "flexDirection": "row",
          "justifyContent": "center",
          "paddingBottom": 8,
          "paddingLeft": 8,
          "paddingRight": 8,
          "paddingTop": 8,
        }
      }
    >
      <View
        dataSet={Object {}}
        style={
          Object {
            "alignItems": "center",
            "flexDirection": "row",
          }
        }
      >
        <View
          dataSet={Object {}}
          style={Object {}}
        >
          <Text
            dataSet={Object {}}
            style={
              Object {
                "backgroundColor": undefined,
                "color": "#FFFFFF",
                "fontFamily": undefined,
                "fontSize": 12,
                "fontStyle": "normal",
                "fontWeight": "500",
                "letterSpacing": 0,
                "lineHeight": 18,
                "textDecorationLine": undefined,
              }
            }
          >
            Try again
          </Text>
        </View>
        <View
          dataSet={Object {}}
          style={
            Object {
              "width": 8,
            }
          }
        />
        <Text />
      </View>
    </View>
  </View>
</RNCSafeAreaProvider>
`;
